00:00 +0: loading /Users/johney/Documents/2026/quarter1/board_app/test/flows/board_flow_test.dart                                                                                                      00:01 +0: loading /Users/johney/Documents/2026/quarter1/board_app/test/flows/board_flow_test.dart                                                                                                      00:01 +0: (setUpAll)                                                                                                                                                                                   00:01 +0: Integration Flow: Create Board and navigate to details                                                                                                                                       00:02 +0: Integration Flow: Create Board and navigate to details                                                                                                                                       00:02 +0: Integration Flow: Create Board and navigate to details                                                                                                                                       
══╡ EXCEPTION CAUGHT BY FLUTTER TEST FRAMEWORK ╞════════════════════════════════════════════════════
The following TestFailure was thrown running a test:
Expected: exactly one matching candidate
  Actual: _TextWidgetFinder:<Found 0 widgets with text "New Integration Board": []>
   Which: means none were found but one was expected

When the exception was thrown, this was the stack:
#4      main.<anonymous closure> (file:///Users/johney/Documents/2026/quarter1/board_app/test/flows/board_flow_test.dart:108:5)
<asynchronous suspension>
#5      testWidgets.<anonymous closure>.<anonymous closure> (package:flutter_test/src/widget_tester.dart:192:15)
<asynchronous suspension>
#6      TestWidgetsFlutterBinding._runTestBody (package:flutter_test/src/binding.dart:1059:5)
<asynchronous suspension>
<asynchronous suspension>
(elided one frame from package:stack_trace)

This was caught by the test expectation on the following line:
  file:///Users/johney/Documents/2026/quarter1/board_app/test/flows/board_flow_test.dart line 108
The test description was:
  Integration Flow: Create Board and navigate to details
════════════════════════════════════════════════════════════════════════════════════════════════════
00:02 +0 -1: Integration Flow: Create Board and navigate to details [E]                                                                                                                                
  Test failed. See exception logs above.
  The test description was: Integration Flow: Create Board and navigate to details
  

To run this test again: /Users/johney/development/flutter/bin/cache/dart-sdk/bin/dart test /Users/johney/Documents/2026/quarter1/board_app/test/flows/board_flow_test.dart -p vm --plain-name 'Integration Flow: Create Board and navigate to details'
00:02 +0 -1: (tearDownAll)                                                                                                                                                                             00:02 +0 -1: Some tests failed.                                                                                                                                                                        
